08-16 15:34:41.376: I/DEBUG(31): debuggerd: Jun 30 2010 13:59:20
08-16 15:34:41.466: I/Vold(29): Vold 2.1 (the revenge) firing up
08-16 15:34:41.526: I/Netd(30): Netd 1.0 starting
08-16 15:34:41.746: W/Vold(29): No UMS switch available
08-16 15:34:41.846: I/qemu-props(51): connected to 'boot-properties' qemud service.
08-16 15:34:41.856: I/qemu-props(51): received: dalvik.vm.heapsize=24m
08-16 15:34:41.856: I/qemu-props(51): received: qemu.sf.lcd_density=240
08-16 15:34:41.856: I/qemu-props(51): received: qemu.hw.mainkeys=1
08-16 15:34:41.856: I/qemu-props(51): received: qemu.sf.fake_camera=back
08-16 15:34:41.856: I/qemu-props(51): received: 
08-16 15:34:41.856: I/qemu-props(51): invalid format, ignored.
08-16 15:34:42.556: I/(34): ServiceManager: 0xacd0
08-16 15:34:42.576: I/CameraService(34): CameraService started: pid=34
08-16 15:34:42.596: I/AudioFlinger(34): AudioFlinger's thread 0xb3f0 ready to run
08-16 15:34:42.916: I/SamplingProfilerIntegration(33): Profiler is disabled.
08-16 15:34:42.966: I/Zygote(33): Preloading classes...
08-16 15:34:42.966: E/Zygote(33): setreuid() failed. errno: 2
08-16 15:34:43.695: W/MediaProfiles(33): could not find media config xml file
08-16 15:34:48.355: I/Zygote(33): ...preloaded 1265 classes in 5392ms.
08-16 15:34:48.355: E/Zygote(33): setreuid() failed. errno: 17
08-16 15:34:48.475: I/Zygote(33): Preloading resources...
08-16 15:34:48.485: W/Zygote(33): Preloaded drawable resource #0x1080093 (res/drawable-hdpi/sym_def_app_icon.png) that varies with configuration!!
08-16 15:34:48.485: W/Zygote(33): Preloaded drawable resource #0x1080002 (res/drawable-hdpi/arrow_down_float.png) that varies with configuration!!
08-16 15:34:48.515: W/Zygote(33): Preloaded drawable resource #0x10800b3 (res/drawable/btn_check.xml) that varies with configuration!!
08-16 15:34:48.515: W/Zygote(33): Preloaded drawable resource #0x10800b6 (res/drawable-hdpi/btn_check_label_background.9.png) that varies with configuration!!
08-16 15:34:48.515: W/Zygote(33): Preloaded drawable resource #0x10800b7 (res/drawable-hdpi/btn_check_off.png) that varies with configuration!!
08-16 15:34:48.515: W/Zygote(33): Preloaded drawable resource #0x10800bc (res/drawable-hdpi/btn_check_on.png) that varies with configuration!!
08-16 15:34:48.525: W/Zygote(33): Preloaded drawable resource #0x1080004 (res/drawable/btn_default.xml) that varies with configuration!!
08-16 15:34:48.545: W/Zygote(33): Preloaded drawable resource #0x1080005 (res/drawable/btn_default_small.xml) that varies with configuration!!
08-16 15:34:48.555: W/Zygote(33): Preloaded drawable resource #0x1080006 (res/drawable/btn_dropdown.xml) that varies with configuration!!
08-16 15:34:48.565: W/Zygote(33): Preloaded drawable resource #0x1080008 (res/drawable/btn_plus.xml) that varies with configuration!!
08-16 15:34:48.575: W/Zygote(33): Preloaded drawable resource #0x1080007 (res/drawable/btn_minus.xml) that varies with configuration!!
08-16 15:34:48.595: W/Zygote(33): Preloaded drawable resource #0x1080009 (res/drawable/btn_radio.xml) that varies with configuration!!
08-16 15:34:48.615: W/Zygote(33): Preloaded drawable resource #0x108000a (res/drawable/btn_star.xml) that varies with configuration!!
08-16 15:34:48.655: W/Zygote(33): Preloaded drawable resource #0x1080131 (res/drawable/btn_toggle.xml) that varies with configuration!!
08-16 15:34:48.655: W/Zygote(33): Preloaded drawable resource #0x1080194 (res/drawable-hdpi/ic_emergency.png) that varies with configuration!!
08-16 15:34:48.665: W/Zygote(33): Preloaded drawable resource #0x1080012 (res/drawable-hdpi/divider_horizontal_bright.9.png) that varies with configuration!!
08-16 15:34:48.665: W/Zygote(33): Preloaded drawable resource #0x1080014 (res/drawable-hdpi/divider_horizontal_dark.9.png) that varies with configuration!!
08-16 15:34:48.675: W/Zygote(33): Preloaded drawable resource #0x1080016 (res/drawable/edit_text.xml) that varies with configuration!!
08-16 15:34:48.685: W/Zygote(33): Preloaded drawable resource #0x108016d (res/drawable/expander_group.xml) that varies with configuration!!
08-16 15:34:48.695: W/Zygote(33): Preloaded drawable resource #0x1080062 (res/drawable/list_selector_background.xml) that varies with configuration!!
08-16 15:34:48.695: W/Zygote(33): Preloaded drawable resource #0x1080227 (res/drawable-hdpi/menu_background.9.png) that varies with configuration!!
08-16 15:34:48.695: W/Zygote(33): Preloaded drawable resource #0x1080228 (res/drawable-hdpi/menu_background_fill_parent_width.9.png) that varies with configuration!!
08-16 15:34:48.705: W/Zygote(33): Preloaded drawable resource #0x1080229 (res/drawable/menu_selector.xml) that varies with configuration!!
08-16 15:34:48.715: W/Zygote(33): Preloaded drawable resource #0x1080234 (res/drawable-hdpi/panel_background.9.png) that varies with configuration!!
08-16 15:34:48.715: W/Zygote(33): Preloaded drawable resource #0x108023b (res/drawable-hdpi/popup_bottom_bright.9.png) that varies with configuration!!
08-16 15:34:48.715: W/Zygote(33): Preloaded drawable resource #0x108023c (res/drawable-hdpi/popup_bottom_dark.9.png) that varies with configuration!!
08-16 15:34:48.715: W/Zygote(33): Preloaded drawable resource #0x108023d (res/drawable-hdpi/popup_bottom_medium.9.png) that varies with configuration!!
08-16 15:34:48.715: W/Zygote(33): Preloaded drawable resource #0x108023e (res/drawable-hdpi/popup_center_bright.9.png) that varies with configuration!!
08-16 15:34:48.725: W/Zygote(33): Preloaded drawable resource #0x108023f (res/drawable-hdpi/popup_center_dark.9.png) that varies with configuration!!
08-16 15:34:48.725: W/Zygote(33): Preloaded drawable resource #0x1080242 (res/drawable-hdpi/popup_full_dark.9.png) that varies with configuration!!
08-16 15:34:48.725: W/Zygote(33): Preloaded drawable resource #0x1080245 (res/drawable-hdpi/popup_top_bright.9.png) that varies with configuration!!
08-16 15:34:48.725: W/Zygote(33): Preloaded drawable resource #0x1080246 (res/drawable-hdpi/popup_top_dark.9.png) that varies with configuration!!
08-16 15:34:48.735: W/Zygote(33): Preloaded drawable resource #0x108006d (res/drawable/progress_indeterminate_horizontal.xml) that varies with configuration!!
08-16 15:34:48.746: W/Zygote(33): Preloaded drawable resource #0x108024c (res/drawable/progress_small.xml) that varies with configuration!!
08-16 15:34:48.746: W/Zygote(33): Preloaded drawable resource #0x108024d (res/drawable/progress_small_titlebar.xml) that varies with configuration!!
08-16 15:34:48.746: W/Zygote(33): Preloaded drawable resource #0x1080270 (res/drawable-hdpi/scrollbar_handle_horizontal.9.png) that varies with configuration!!
08-16 15:34:48.755: W/Zygote(33): Preloaded drawable resource #0x1080271 (res/drawable-hdpi/scrollbar_handle_vertical.9.png) that varies with configuration!!
08-16 15:34:48.795: W/Zygote(33): Preloaded drawable resource #0x1080071 (res/drawable/spinner_dropdown_background.xml) that varies with configuration!!
08-16 15:34:48.795: W/Zygote(33): Preloaded drawable resource #0x1080354 (res/drawable-hdpi/title_bar_shadow.9.png) that varies with configuration!!
08-16 15:34:48.795: W/Zygote(33): Preloaded drawable resource #0x10801d6 (res/drawable-hdpi/indicator_code_lock_drag_direction_green_up.png) that varies with configuration!!
08-16 15:34:48.805: W/Zygote(33): Preloaded drawable resource #0x10801d7 (res/drawable-hdpi/indicator_code_lock_drag_direction_red_up.png) that varies with configuration!!
08-16 15:34:48.805: W/Zygote(33): Preloaded drawable resource #0x10801d8 (res/drawable-hdpi/indicator_code_lock_point_area_default.png) that varies with configuration!!
08-16 15:34:48.805: W/Zygote(33): Preloaded drawable resource #0x10801d9 (res/drawable-hdpi/indicator_code_lock_point_area_green.png) that varies with configuration!!
08-16 15:34:48.805: W/Zygote(33): Preloaded drawable resource #0x10801da (res/drawable-hdpi/indicator_code_lock_point_area_red.png) that varies with configuration!!
08-16 15:34:48.815: W/Zygote(33): Preloaded drawable resource #0x10801e8 (res/drawable-hdpi/jog_tab_bar_left_end_confirm_gray.9.png) that varies with configuration!!
08-16 15:34:48.815: W/Zygote(33): Preloaded drawable resource #0x10801ec (res/drawable-hdpi/jog_tab_bar_left_end_normal.9.png) that varies with configuration!!
08-16 15:34:48.815: W/Zygote(33): Preloaded drawable resource #0x10801ed (res/drawable-hdpi/jog_tab_bar_left_end_pressed.9.png) that varies with configuration!!
08-16 15:34:48.815: W/Zygote(33): Preloaded drawable resource #0x10801f1 (res/drawable-hdpi/jog_tab_bar_right_end_confirm_gray.9.png) that varies with configuration!!
08-16 15:34:48.825: W/Zygote(33): Preloaded drawable resource #0x10801f5 (res/drawable-hdpi/jog_tab_bar_right_end_normal.9.png) that varies with configuration!!
08-16 15:34:48.825: W/Zygote(33): Preloaded drawable resource #0x10801f6 (res/drawable-hdpi/jog_tab_bar_right_end_pressed.9.png) that varies with configuration!!
08-16 15:34:48.825: W/Zygote(33): Preloaded drawable resource #0x10801fb (res/drawable-hdpi/jog_tab_left_confirm_gray.png) that varies with configuration!!
08-16 15:34:48.825: W/Zygote(33): Preloaded drawable resource #0x1080200 (res/drawable-hdpi/jog_tab_left_normal.png) that varies with configuration!!
08-16 15:34:48.835: W/Zygote(33): Preloaded drawable resource #0x1080201 (res/drawable-hdpi/jog_tab_left_pressed.png) that varies with configuration!!
08-16 15:34:48.835: W/Zygote(33): Preloaded drawable resource #0x1080203 (res/drawable-hdpi/jog_tab_right_confirm_gray.png) that varies with configuration!!
08-16 15:34:48.835: W/Zygote(33): Preloaded drawable resource #0x1080209 (res/drawable-hdpi/jog_tab_right_normal.png) that varies with configuration!!
08-16 15:34:48.835: W/Zygote(33): Preloaded drawable resource #0x108020a (res/drawable-hdpi/jog_tab_right_pressed.png) that varies with configuration!!
08-16 15:34:48.835: W/Zygote(33): Preloaded drawable resource #0x108020d (res/drawable-hdpi/jog_tab_target_gray.png) that varies with configuration!!
08-16 15:34:48.835: I/Zygote(33): ...preloaded 61 resources in 366ms.
08-16 15:34:48.855: I/Zygote(33): ...preloaded 15 resources in 14ms.
08-16 15:34:48.955: I/dalvikvm(33): System server process 59 has been created
08-16 15:34:48.965: I/Zygote(33): Accepting command socket connections
08-16 15:34:49.165: E/BatteryService(59): usbOnlinePath not found
08-16 15:34:49.165: E/BatteryService(59): batteryVoltagePath not found
08-16 15:34:49.165: E/BatteryService(59): batteryTemperaturePath not found
08-16 15:34:49.165: I/sysproc(59): Entered system_init()
08-16 15:34:49.165: I/sysproc(59): ServiceManager: 0x117c80
08-16 15:34:49.165: I/SurfaceFlinger(59): SurfaceFlinger is starting
08-16 15:34:49.175: I/SurfaceFlinger(59): SurfaceFlinger's main thread ready to run. Initializing graphics H/W...
08-16 15:34:49.175: E/SurfaceFlinger(59): Couldn't open /sys/power/wait_for_fb_sleep or /sys/power/wait_for_fb_wake
08-16 15:34:49.265: I/gralloc(59): using (fd=24)
08-16 15:34:49.265: I/gralloc(59): id           = 
08-16 15:34:49.265: I/gralloc(59): xres         = 480 px
08-16 15:34:49.265: I/gralloc(59): yres         = 800 px
08-16 15:34:49.265: I/gralloc(59): xres_virtual = 480 px
08-16 15:34:49.265: I/gralloc(59): yres_virtual = 1600 px
08-16 15:34:49.265: I/gralloc(59): bpp          = 16
08-16 15:34:49.265: I/gralloc(59): r            = 11:5
08-16 15:34:49.265: I/gralloc(59): g            =  5:6
08-16 15:34:49.265: I/gralloc(59): b            =  0:5
08-16 15:34:49.265: I/gralloc(59): width        = 74 mm (164.756760 dpi)
08-16 15:34:49.265: I/gralloc(59): height       = 123 mm (165.203247 dpi)
08-16 15:34:49.265: I/gralloc(59): refresh rate = 60.00 Hz
08-16 15:34:49.285: I/SurfaceFlinger(59): EGL informations:
08-16 15:34:49.285: I/SurfaceFlinger(59): # of configs : 8
08-16 15:34:49.285: I/SurfaceFlinger(59): vendor    : Android
08-16 15:34:49.285: I/SurfaceFlinger(59): version   : 1.4 Android META-EGL
08-16 15:34:49.285: I/SurfaceFlinger(59): extensions: EGL_KHR_image EGL_KHR_image_base EGL_KHR_image_pixmap EGL_ANDROID_image_native_buffer EGL_ANDROID_swap_rectangle EGL_ANDROID_get_render_buffer 
08-16 15:34:49.285: I/SurfaceFlinger(59): Client API: OpenGL ES
08-16 15:34:49.285: I/SurfaceFlinger(59): EGLSurface: 5-6-5-0, config=0x1000000
08-16 15:34:49.285: I/SurfaceFlinger(59): flags     : 001c0000
08-16 15:34:49.295: I/SurfaceFlinger(59): OpenGL informations:
08-16 15:34:49.295: I/SurfaceFlinger(59): vendor    : Android
08-16 15:34:49.295: I/SurfaceFlinger(59): renderer  : Android PixelFlinger 1.3
08-16 15:34:49.295: I/SurfaceFlinger(59): version   : OpenGL ES-CM 1.0
08-16 15:34:49.295: I/SurfaceFlinger(59): extensions: GL_OES_byte_coordinates GL_OES_fixed_point GL_OES_single_precision GL_OES_read_format GL_OES_compressed_paletted_texture GL_OES_draw_texture GL_OES_matrix_get GL_OES_query_matrix GL_OES_EGL_image GL_OES_compressed_ETC1_RGB8_texture GL_ARB_texture_compression GL_ARB_texture_non_power_of_two GL_ANDROID_user_clip_plane GL_ANDROID_vertex_buffer_object GL_ANDROID_generate_mipmap 
08-16 15:34:49.295: I/SurfaceFlinger(59): GL_MAX_TEXTURE_SIZE = 4096
08-16 15:34:49.295: I/SurfaceFlinger(59): GL_MAX_VIEWPORT_DIMS = 4096
08-16 15:34:49.375: I/sysproc(59): System server: starting Android runtime.
08-16 15:34:49.375: I/sysproc(59): System server: starting Android services.
08-16 15:34:49.375: I/SystemServer(59): Entered the Android system server!
08-16 15:34:49.375: I/sysproc(59): System server: entering thread pool.
08-16 15:34:49.395: I/SystemServer(59): Entropy Service
08-16 15:34:49.475: I/SystemServer(59): Power Manager
08-16 15:34:49.495: I/SystemServer(59): Activity Manager
08-16 15:34:49.525: I/ActivityManager(59): Memory class: 24
08-16 15:34:49.595: W/zipro(69): Unable to open zip '/data/local/bootanimation.zip': No such file or directory
08-16 15:34:49.595: W/zipro(69): Unable to open zip '/system/media/bootanimation.zip': No such file or directory
08-16 15:34:49.705: I/ARMAssembler(59): generated scanline__00000077:03010104_00000004_00000000 [ 22 ipp] (41 ins) at [0x22d0f8:0x22d19c] in 4115066 ns
08-16 15:34:49.755: I/ARMAssembler(69): generated scanline__00000077:03545404_00000A01_00000000 [ 30 ipp] (51 ins) at [0x1c020:0x1c0ec] in 1990209 ns
08-16 15:34:49.935: I/SystemServer(59): Telephony Registry
08-16 15:34:49.945: I/SystemServer(59): Package Manager
08-16 15:34:49.955: I/Installer(59): connecting...
08-16 15:34:49.955: I/installd(35): new connection
08-16 15:34:50.025: I/PackageManager(59): Libs: android.test.runner:/system/framework/android.test.runner.jar javax.obex:/system/framework/javax.obex.jar
08-16 15:34:50.025: I/PackageManager(59): Features: android.hardware.camera android.hardware.camera.autofocus
08-16 15:34:50.445: W/PackageManager(59): Running ENG build: no pre-dexopt!
08-16 15:34:52.435: W/PackageParser(59): No actions in intent filter at /data/app/ApiDemos.apk Binary XML file line #1841
08-16 15:34:52.445: W/PackageParser(59): No actions in intent filter at /data/app/ApiDemos.apk Binary XML file line #1847
08-16 15:34:52.455: W/PackageManager(59): Package com.example.android.apis desires unavailable shared library com.example.will.never.exist; ignoring!
08-16 15:34:52.496: I/PackageManager(59): Time to scan packages: 2.046 seconds
08-16 15:34:52.496: W/PackageManager(59): Unknown permission com.google.android.googleapps.permission.GOOGLE_AUTH.mail in package com.android.contacts
08-16 15:34:52.496: W/PackageManager(59): Unknown permission android.permission.ADD_SYSTEM_SERVICE in package com.android.phone
08-16 15:34:52.505: W/PackageManager(59): Not granting permission android.permission.SEND_DOWNLOAD_COMPLETED_INTENTS to package com.android.browser (protectionLevel=2 flags=0x1be45)
08-16 15:34:52.505: W/PackageManager(59): Unknown permission com.google.android.gm.permission.WRITE_GMAIL in package com.android.settings
08-16 15:34:52.505: W/PackageManager(59): Unknown permission com.google.android.gm.permission.READ_GMAIL in package com.android.settings
08-16 15:34:52.505: W/PackageManager(59): Unknown permission com.google.android.googleapps.permission.GOOGLE_AUTH in package com.android.settings
08-16 15:34:52.505: W/PackageManager(59): Unknown permission com.google.android.googleapps.permission.GOOGLE_AUTH in package com.android.providers.contacts
08-16 15:34:52.505: W/PackageManager(59): Unknown permission com.google.android.googleapps.permission.GOOGLE_AUTH.cp in package com.android.providers.contacts
08-16 15:34:52.515: W/PackageManager(59): Unknown permission com.google.android.googleapps.permission.ACCESS_GOOGLE_PASSWORD in package com.android.development
08-16 15:34:52.515: W/PackageManager(59): Unknown permission com.google.android.googleapps.permission.GOOGLE_AUTH in package com.android.development
08-16 15:34:52.515: W/PackageManager(59): Unknown permission com.google.android.googleapps.permission.GOOGLE_AUTH.ALL_SERVICES in package com.android.development
08-16 15:34:52.515: W/PackageManager(59): Unknown permission com.google.android.googleapps.permission.GOOGLE_AUTH.YouTubeUser in package com.android.development
08-16 15:34:52.795: I/SystemServer(59): Account Manager
08-16 15:34:52.885: I/SystemServer(59): Content Manager
08-16 15:34:52.965: I/SystemServer(59): System Content Providers
08-16 15:34:52.965: I/ActivityThread(59): Publishing provider settings: com.android.providers.settings.SettingsProvider
08-16 15:34:53.025: I/SystemServer(59): Battery Service
08-16 15:34:53.036: I/SystemServer(59): Lights Service
08-16 15:34:53.036: I/SystemServer(59): Vibrator Service
08-16 15:34:53.185: I/SystemServer(59): Alarm Manager
08-16 15:34:53.185: I/SystemServer(59): Init Watchdog
08-16 15:34:53.185: I/SystemServer(59): Sensor Service
08-16 15:34:53.355: I/SystemServer(59): Window Manager
08-16 15:34:53.395: I/EventHub(59): New keyboard: device->id=0x10000 devname='qwerty2' propName='hw.keyboards.65536.devname' keylayout='/system/usr/keylayout/qwerty.kl'
08-16 15:34:53.395: I/EventHub(59): New device: path=/dev/input/event0 name=qwerty2 id=0x10000 (of 0x1) index=1 fd=50 classes=0x2f
08-16 15:34:53.395: E/EventHub(59): could not get driver version for /dev/input/mouse0, Not a typewriter
08-16 15:34:53.395: E/EventHub(59): could not get driver version for /dev/input/mice, Not a typewriter
08-16 15:34:53.395: I/KeyInputQueue(59): Device added: id=0x0, name=qwerty2, classes=2f
08-16 15:34:53.395: I/KeyInputQueue(59):   X: min=0 max=479 flat=0 fuzz=0
08-16 15:34:53.395: I/KeyInputQueue(59):   Y: min=0 max=799 flat=0 fuzz=0
08-16 15:34:53.395: I/KeyInputQueue(59):   Pressure: unknown values
08-16 15:34:53.395: I/KeyInputQueue(59):   Size: unknown values
08-16 15:34:53.406: I/KeyInputQueue(59): No virtual keys found
08-16 15:34:54.035: I/SystemServer(59): Registering null Bluetooth Service (emulator)
08-16 15:34:54.045: E/System(59): Failure starting core service
08-16 15:34:54.045: E/System(59): java.lang.SecurityException
08-16 15:34:54.045: E/System(59): 	at android.os.BinderProxy.transact(Native Method)
08-16 15:34:54.045: E/System(59): 	at android.os.ServiceManagerProxy.addService(ServiceManagerNative.java:146)
08-16 15:34:54.045: E/System(59): 	at android.os.ServiceManager.addService(ServiceManager.java:72)
08-16 15:34:54.045: E/System(59): 	at com.android.server.ServerThread.run(SystemServer.java:184)
08-16 15:34:54.045: I/SystemServer(59): Device Policy
08-16 15:34:54.045: I/SystemServer(59): Status Bar
08-16 15:34:54.145: I/SystemServer(59): Clipboard Service
08-16 15:34:54.145: I/SystemServer(59): Input Method Service
08-16 15:34:54.185: I/InputManagerService(59): Enabled input methods: com.android.inputmethod.latin/.LatinIME:com.android.inputmethod.pinyin/.PinyinIME:jp.co.omronsoft.openwnn/.OpenWnnJAJP
08-16 15:34:54.195: I/SystemServer(59): NetStat Service
08-16 15:34:54.195: I/SystemServer(59): NetworkManagement Service
08-16 15:34:54.195: I/SystemServer(59): Connectivity Service
08-16 15:34:54.255: I/WifiService(59): WifiService starting up with Wi-Fi disabled
08-16 15:34:54.275: I/SystemServer(59): Throttle Service
08-16 15:34:54.275: I/SystemServer(59): Accessibility Manager
08-16 15:34:54.285: I/SystemServer(59): Mount Service
08-16 15:34:54.285: I/SystemServer(59): Notification Manager
08-16 15:34:54.305: I/SystemServer(59): Device Storage Monitor
08-16 15:34:54.325: I/PackageManager(59): Updating external media status from unmounted to unmounted
08-16 15:34:54.335: I/SystemServer(59): Location Manager
08-16 15:34:54.335: I/SystemServer(59): Search Service
08-16 15:34:54.425: I/SystemServer(59): DropBox Service
08-16 15:34:54.435: I/SystemServer(59): Wallpaper Service
08-16 15:34:54.445: I/SystemServer(59): Audio Service
08-16 15:34:54.535: W/AudioPolicyManagerBase(34): setPhoneState() setting same state 0
08-16 15:34:54.555: E/SoundPool(59): error loading /system/media/audio/ui/Effect_Tick.ogg
08-16 15:34:54.555: W/AudioService(59): Soundpool could not load file: /system/media/audio/ui/Effect_Tick.ogg
08-16 15:34:54.555: E/SoundPool(59): error loading /system/media/audio/ui/KeypressStandard.ogg
08-16 15:34:54.555: W/AudioService(59): Soundpool could not load file: /system/media/audio/ui/KeypressStandard.ogg
08-16 15:34:54.555: E/SoundPool(59): error loading /system/media/audio/ui/KeypressSpacebar.ogg
08-16 15:34:54.555: W/AudioService(59): Soundpool could not load file: /system/media/audio/ui/KeypressSpacebar.ogg
08-16 15:34:54.555: E/SoundPool(59): error loading /system/media/audio/ui/KeypressDelete.ogg
08-16 15:34:54.555: W/AudioService(59): Soundpool could not load file: /system/media/audio/ui/KeypressDelete.ogg
08-16 15:34:54.555: E/SoundPool(59): error loading /system/media/audio/ui/KeypressReturn.ogg
08-16 15:34:54.555: W/AudioService(59): Soundpool could not load file: /system/media/audio/ui/KeypressReturn.ogg
08-16 15:34:54.565: I/SystemServer(59): Headset Observer
08-16 15:34:54.565: W/HeadsetObserver(59): This kernel does not have wired headset support
08-16 15:34:54.565: I/SystemServer(59): Dock Observer
08-16 15:34:54.565: W/DockObserver(59): This kernel does not have dock station support
08-16 15:34:54.565: I/SystemServer(59): UI Mode Manager Service
08-16 15:34:54.585: I/SystemServer(59): Backup Service
08-16 15:34:54.625: I/BackupManagerService(59): Found stale backup journal, scheduling:
08-16 15:34:54.625: I/BackupManagerService(59):     + com.android.inputmethod.latin
08-16 15:34:54.625: I/BackupManagerService(59):     + com.android.browser
08-16 15:34:54.625: I/BackupManagerService(59):     + com.android.providers.userdictionary
08-16 15:34:54.625: I/BackupManagerService(59):     + android
08-16 15:34:54.625: I/BackupManagerService(59):     + com.android.providers.settings
08-16 15:34:54.646: I/BackupManagerService(59): Backup enabled => false
08-16 15:34:54.646: I/SystemServer(59): AppWidget Service
08-16 15:34:54.646: I/SystemServer(59): Recognition Service
08-16 15:34:54.675: I/SystemServer(59): DiskStats Service
08-16 15:34:54.685: I/WindowManager(59): SAFE MODE not enabled
08-16 15:34:54.685: W/DevicePolicyManagerService(59): failed parsing /data/system/device_policies.xml java.io.FileNotFoundException: /data/system/device_policies.xml (No such file or directory)
08-16 15:34:54.705: I/ActivityManager(59): Config changed: { scale=1.0 imsi=0/0 loc=en_US touch=3 keys=2/1/2 nav=3/1 orien=1 layout=34 uiMode=0 seq=1}
08-16 15:34:54.745: I/ActivityManager(59): Sending system update to: ComponentInfo{com.android.providers.contacts/com.android.providers.contacts.ContactsUpgradeReceiver}
08-16 15:34:54.745: I/Zygote(59): Process: zygote socket opened
08-16 15:34:54.755: I/ActivityManager(59): Start proc android.process.acore for broadcast com.android.providers.contacts/.ContactsUpgradeReceiver: pid=100 uid=10000 gids={3003, 1015}
08-16 15:34:54.905: W/StatusBar(59): No icon ID for slot ime
08-16 15:34:54.966: I/ActivityManager(59): Launching preboot mode app: ProcessRecord{44ffb9b0 100:android.process.acore/10000}
08-16 15:34:55.155: I/ActivityManager(59): Starting activity: Intent { act=android.intent.action.MAIN cat=[android.intent.category.HOME] flg=0x10000000 cmp=com.android.launcher/com.android.launcher2.Launcher }
08-16 15:34:55.195: I/ActivityManager(59): Removing system update proc: ProcessRecord{44ffb9b0 100:android.process.acore/10000}
08-16 15:34:55.195: I/Process(59): Sending signal. PID: 100 SIG: 9
08-16 15:34:55.195: I/ActivityManager(59): System now ready
08-16 15:34:55.195: I/SystemServer(59): Making services ready
08-16 15:34:55.195: I/ActivityManager(59): Config changed: { scale=1.0 imsi=0/0 loc=en_US touch=3 keys=2/1/2 nav=3/1 orien=1 layout=34 uiMode=17 seq=2}
08-16 15:34:55.225: W/RecognitionManagerService(59): no available voice recognition services found
08-16 15:34:55.395: I/ActivityManager(59): Start proc jp.co.omronsoft.openwnn for service jp.co.omronsoft.openwnn/.OpenWnnJAJP: pid=109 uid=10023 gids={}
08-16 15:34:55.405: E/ThrottleService(59): Could not open GPS configuration file /etc/gps.conf
08-16 15:34:55.605: I/ActivityManager(59): Start proc com.android.phone for added application com.android.phone: pid=117 uid=1001 gids={3002, 3001, 3003, 1015}
08-16 15:34:55.675: I/ActivityManager(59): Start proc com.android.launcher for activity com.android.launcher/com.android.launcher2.Launcher: pid=119 uid=10025 gids={}
08-16 15:34:55.705: I/ActivityManager(59): Start proc com.android.settings for broadcast com.android.settings/.widget.SettingsAppWidgetProvider: pid=124 uid=1000 gids={3002, 3001, 3003}
08-16 15:34:55.715: W/GpsLocationProvider(59): Could not open GPS configuration file /etc/gps.conf
08-16 15:34:55.835: W/ActivityManager(59): Unable to start service Intent { act=@0 }: not found
08-16 15:34:55.835: W/ActivityManager(59): Unable to start service Intent { act=@0 }: not found
08-16 15:34:56.216: E/logwrapper(139): executing /system/bin/tc failed: No such file or directory
08-16 15:34:56.216: I/logwrapper(30): /system/bin/tc terminated by exit(255)
08-16 15:34:56.285: E/logwrapper(143): executing /system/bin/tc failed: No such file or directory
08-16 15:34:56.285: I/logwrapper(30): /system/bin/tc terminated by exit(255)
08-16 15:34:56.355: E/logwrapper(145): executing /system/bin/tc failed: No such file or directory
08-16 15:34:56.355: I/logwrapper(30): /system/bin/tc terminated by exit(255)
08-16 15:34:57.297: I/ActivityThread(119): Publishing provider com.android.launcher2.settings: com.android.launcher2.LauncherProvider
08-16 15:34:57.616: I/ActivityThread(117): Publishing provider icc: com.android.phone.IccProvider
08-16 15:34:57.705: I/ActivityThread(117): Publishing provider mms-sms: com.android.providers.telephony.MmsSmsProvider
08-16 15:34:58.097: I/ActivityThread(117): Publishing provider mms: com.android.providers.telephony.MmsProvider
08-16 15:34:58.145: I/ActivityThread(117): Publishing provider sms: com.android.providers.telephony.SmsProvider
08-16 15:34:58.175: I/ActivityThread(117): Publishing provider telephony: com.android.providers.telephony.TelephonyProvider
08-16 15:34:59.135: I/ActivityManager(59): Start proc android.process.acore for content provider com.android.providers.contacts/.CallLogProvider: pid=159 uid=10000 gids={3003, 1015}
08-16 15:34:59.326: W/ActivityManager(59): Unable to start service Intent { act=com.android.ussd.IExtendedNetworkService }: not found
08-16 15:34:58.600: I/ActivityManager(59): Start proc com.android.alarmclock for broadcast com.android.alarmclock/.AlarmInitReceiver: pid=165 uid=10009 gids={}
08-16 15:34:58.600: W/SystemClock(117): Unable to set rtc to 1345131298: Invalid argument
08-16 15:34:59.060: I/ActivityThread(159): Publishing provider com.android.social: com.android.providers.contacts.SocialProvider
08-16 15:34:59.370: I/ActivityThread(159): Publishing provider applications: com.android.providers.applications.ApplicationsProvider
08-16 15:34:59.620: I/ActivityThread(165): Publishing provider com.android.alarmclock: com.android.alarmclock.AlarmProvider
08-16 15:35:00.330: I/ActivityThread(159): Publishing provider contacts;com.android.contacts: com.android.providers.contacts.ContactsProvider2
08-16 15:35:00.610: I/WifiService(59): WifiService trying to setNumAllowed to 11 with persist set to true
08-16 15:35:00.640: I/ActivityManager(59): Config changed: { scale=1.0 imsi=310/260 loc=en_US touch=3 keys=2/1/2 nav=3/1 orien=1 layout=34 uiMode=17 seq=3}
08-16 15:35:00.670: I/UsageStats(59): Unexpected resume of com.android.launcher while already resumed in com.android.launcher
08-16 15:35:01.210: I/ActivityManager(59): Start proc com.android.music for broadcast com.android.music/.MediaAppWidgetProvider: pid=181 uid=10022 gids={3003, 1015}
08-16 15:35:01.650: E/HierarchicalStateMachine(59): TetherMaster - unhandledMessage: msg.what=3
08-16 15:35:02.440: I/ActivityManager(59): Start proc com.android.quicksearchbox for broadcast com.android.quicksearchbox/.SearchWidgetProvider: pid=190 uid=10012 gids={3003}
08-16 15:35:02.680: I/ActivityThread(159): Publishing provider call_log: com.android.providers.contacts.CallLogProvider
08-16 15:35:02.680: I/ActivityThread(159): Publishing provider user_dictionary: com.android.providers.userdictionary.UserDictionaryProvider
08-16 15:35:03.100: I/ActivityThread(190): Publishing provider com.android.quicksearchbox.google: com.android.quicksearchbox.google.GoogleSuggestionProvider
08-16 15:35:03.340: I/ActivityManager(59): Start proc com.android.protips for broadcast com.android.protips/.ProtipWidget: pid=198 uid=10007 gids={}
08-16 15:35:03.980: I/ActivityManager(59): Start proc android.process.media for broadcast com.android.providers.downloads/.DownloadReceiver: pid=204 uid=10002 gids={1015, 1006, 2001, 3003}
08-16 15:35:04.310: I/ActivityThread(204): Publishing provider drm: com.android.providers.drm.DrmProvider
08-16 15:35:04.380: I/ActivityThread(204): Publishing provider media: com.android.providers.media.MediaProvider
08-16 15:35:04.504: I/ActivityThread(204): Publishing provider downloads: com.android.providers.downloads.DownloadProvider
08-16 15:35:04.650: I/ActivityManager(59): Start proc com.android.defcontainer for service com.android.defcontainer/.DefaultContainerService: pid=215 uid=10010 gids={1015, 2001}
08-16 15:35:04.800: I/SurfaceFlinger(59): Boot is finished (16715 ms)
08-16 15:35:04.910: I/ARMAssembler(59): generated scanline__00000177:03515104_00000001_00000000 [ 73 ipp] (95 ins) at [0x2d1de8:0x2d1f64] in 1005777 ns
08-16 15:35:04.920: I/Vold(29): /dev/block/vold/179:0 being considered for volume sdcard
08-16 15:35:05.000: I//system/bin/fsck_msdos(29): ** /dev/block/vold/179:0
08-16 15:35:05.030: I/StorageNotification(59): Media {/mnt/sdcard} state changed from {unmounted} -> {checking}
08-16 15:35:05.090: I/RecoverySystem(59): No recovery log file
08-16 15:35:05.350: I/ActivityManager(59): Start proc com.android.mms for broadcast com.android.mms/.transaction.MmsSystemEventReceiver: pid=228 uid=10015 gids={3003, 1015}
08-16 15:35:05.770: I/ActivityThread(228): Publishing provider com.android.mms.SuggestionsProvider: com.android.mms.SuggestionsProvider
08-16 15:35:06.089: I/SearchManagerService(59): Building list of searchable activities
08-16 15:35:06.230: I/ActivityManager(59): Start proc com.android.email for broadcast com.android.email/com.android.exchange.BootReceiver: pid=243 uid=10030 gids={3003, 1015}
08-16 15:35:06.460: I/ActivityThread(243): Publishing provider com.android.email.provider: com.android.email.provider.EmailProvider
08-16 15:35:06.480: I/ActivityThread(243): Publishing provider com.android.exchange.provider: com.android.exchange.provider.ExchangeProvider
08-16 15:35:06.491: I/ActivityThread(243): Publishing provider com.android.email.attachmentprovider: com.android.email.provider.AttachmentProvider
08-16 15:35:06.720: I//system/bin/fsck_msdos(29): ** Phase 1 - Read and Compare FATs
08-16 15:35:06.720: I//system/bin/fsck_msdos(29): Attempting to allocate 508 KB for FAT
08-16 15:35:07.160: I//system/bin/fsck_msdos(29): Attempting to allocate 508 KB for FAT
08-16 15:35:07.300: I//system/bin/fsck_msdos(29): ** Phase 2 - Check Cluster Chains
08-16 15:35:07.310: I//system/bin/fsck_msdos(29): ** Phase 3 - Checking Directories
08-16 15:35:07.320: I//system/bin/fsck_msdos(29): ** Phase 4 - Checking for Lost Files
08-16 15:35:07.330: I//system/bin/fsck_msdos(29): 12 files, 64488 free (128977 clusters)
08-16 15:35:07.330: I/logwrapper(29): /system/bin/fsck_msdos terminated by exit(0)
08-16 15:35:07.330: I/Vold(29): Filesystem check completed OK
08-16 15:35:07.340: I/Vold(29): Device /dev/block/vold/179:0, target /mnt/sdcard mounted @ /mnt/secure/staging
08-16 15:35:07.410: I/PackageManager(59): Updating external media status from unmounted to mounted
08-16 15:35:07.410: I/StorageNotification(59): Media {/mnt/sdcard} state changed from {checking} -> {mounted}
08-16 15:35:07.870: I/PackageManager(59): No secure containers on sdcard
08-16 15:35:07.880: W/PackageManager(59): Unknown permission com.google.android.googleapps.permission.GOOGLE_AUTH.mail in package com.android.contacts
08-16 15:35:07.880: W/PackageManager(59): Unknown permission android.permission.ADD_SYSTEM_SERVICE in package com.android.phone
08-16 15:35:07.900: W/PackageManager(59): Not granting permission android.permission.SEND_DOWNLOAD_COMPLETED_INTENTS to package com.android.browser (protectionLevel=2 flags=0x1be45)
08-16 15:35:07.920: W/PackageManager(59): Unknown permission com.google.android.gm.permission.WRITE_GMAIL in package com.android.settings
08-16 15:35:07.920: W/PackageManager(59): Unknown permission com.google.android.gm.permission.READ_GMAIL in package com.android.settings
08-16 15:35:07.920: W/PackageManager(59): Unknown permission com.google.android.googleapps.permission.GOOGLE_AUTH in package com.android.settings
08-16 15:35:07.930: W/PackageManager(59): Unknown permission com.google.android.googleapps.permission.GOOGLE_AUTH in package com.android.providers.contacts
08-16 15:35:07.930: W/PackageManager(59): Unknown permission com.google.android.googleapps.permission.GOOGLE_AUTH.cp in package com.android.providers.contacts
08-16 15:35:07.960: W/PackageManager(59): Unknown permission com.google.android.googleapps.permission.ACCESS_GOOGLE_PASSWORD in package com.android.development
08-16 15:35:07.960: W/PackageManager(59): Unknown permission com.google.android.googleapps.permission.GOOGLE_AUTH in package com.android.development
08-16 15:35:07.960: W/PackageManager(59): Unknown permission com.google.android.googleapps.permission.GOOGLE_AUTH.ALL_SERVICES in package com.android.development
08-16 15:35:07.960: W/PackageManager(59): Unknown permission com.google.android.googleapps.permission.GOOGLE_AUTH.YouTubeUser in package com.android.development
08-16 15:35:09.189: I/PackageManager(59): Removing non-system package:com.ingeniousafrica.android.project.client
08-16 15:35:09.189: I/ActivityManager(59): Force stopping package com.ingeniousafrica.android.project.client uid=10042
08-16 15:35:09.390: I/Launcher.Model(119): not binding apps: no Launcher activity
08-16 15:35:09.861: I/PackageManager(59): Package com.ingeniousafrica.android.project.client codePath changed from /data/app/com.ingeniousafrica.android.project.client-1.apk to /data/app/com.ingeniousafrica.android.project.client-2.apk; Retaining data and using new
08-16 15:35:09.861: I/PackageManager(59): /data/app/com.ingeniousafrica.android.project.client-2.apk changed; unpacking
08-16 15:35:10.400: I/ActivityManager(59): Force stopping package com.ingeniousafrica.android.project.client uid=10042
08-16 15:35:10.410: W/PackageManager(59): Code path for pkg : com.ingeniousafrica.android.project.client changing from /data/app/com.ingeniousafrica.android.project.client-1.apk to /data/app/com.ingeniousafrica.android.project.client-2.apk
08-16 15:35:10.460: W/PackageManager(59): Resource path for pkg : com.ingeniousafrica.android.project.client changing from /data/app/com.ingeniousafrica.android.project.client-1.apk to /data/app/com.ingeniousafrica.android.project.client-2.apk
08-16 15:35:10.729: I/installd(35): move /data/dalvik-cache/data@app@com.ingeniousafrica.android.project.client-2.apk@classes.dex -> /data/dalvik-cache/data@app@com.ingeniousafrica.android.project.client-2.apk@classes.dex
08-16 15:35:10.890: I/ActivityManager(59): Force stopping package com.ingeniousafrica.android.project.client uid=10042
08-16 15:35:11.039: I/ActivityManager(59): Start proc com.svox.pico for broadcast com.svox.pico/.VoiceDataInstallerReceiver: pid=263 uid=10028 gids={}
08-16 15:35:11.139: W/RecognitionManagerService(59): no available voice recognition services found
08-16 15:35:11.439: I/ActivityThread(263): Publishing provider com.svox.pico.providers.SettingsProvider: com.svox.pico.providers.SettingsProvider
08-16 15:35:11.549: I/installd(35): unlink /data/dalvik-cache/data@app@com.ingeniousafrica.android.project.client-1.apk@classes.dex
08-16 15:35:11.600: I/dalvikvm(171): JNI: AttachCurrentThread (from ???.???)
08-16 15:35:11.600: I/AndroidRuntime(171): NOTE: attach of thread 'Binder Thread #3' failed
08-16 15:35:12.760: I/ActivityManager(59): Starting activity: Intent { act=android.intent.action.MAIN cat=[android.intent.category.LAUNCHER] flg=0x10000000 cmp=com.ingeniousafrica.android.project.client/.activity.Main }
08-16 15:35:13.089: I/ActivityManager(59): Start proc com.ingeniousafrica.android.project.client for activity com.ingeniousafrica.android.project.client/.activity.Main: pid=280 uid=10042 gids={}
08-16 15:35:13.139: I/AndroidRuntime(273): NOTE: attach of thread 'Binder Thread #3' failed
08-16 15:35:13.569: I/(280): onCreate
08-16 15:35:13.579: I/(280): onStart
08-16 15:35:13.579: I/(280): onResume
08-16 15:35:13.919: I/ActivityManager(59): Displayed activity com.ingeniousafrica.android.project.client/.activity.Main: 891 ms (total 19817 ms)
08-16 15:35:13.919: I/ActivityManager(59): Displayed activity com.android.launcher/com.android.launcher2.Launcher: 19818 ms (total 19818 ms)
08-16 15:35:51.090: I/ARMAssembler(59): generated scanline__00000077:03545404_00000004_00000000 [ 47 ipp] (67 ins) at [0x339340:0x33944c] in 476205 ns
08-16 15:35:51.190: I/ARMAssembler(59): generated scanline__00000177:03515104_00001001_00000000 [ 91 ipp] (114 ins) at [0x339450:0x339618] in 569393 ns
08-16 15:36:01.791: W/KeyCharacterMap(280): No keyboard for id 0
08-16 15:36:01.791: W/KeyCharacterMap(280): Using default keymap: /system/usr/keychars/qwerty.kcm.bin
08-16 15:36:09.739: I/ActivityManager(59): Starting activity: Intent { cmp=com.ingeniousafrica.android.project.client/.activity.Main }
08-16 15:36:09.779: I/(280): onPause
08-16 15:36:09.849: I/(280): onCreate
08-16 15:36:09.849: I/(280): onStart
08-16 15:36:09.849: I/(280): onResume
08-16 15:36:10.221: I/ActivityManager(59): Displayed activity com.ingeniousafrica.android.project.client/.activity.Main: 436 ms (total 436 ms)
08-16 15:36:10.229: I/(280): onStop
08-16 15:36:54.890: I/ActivityManager(59): Starting activity: Intent { act=android.intent.action.CALL_BUTTON flg=0x10000000 cmp=com.android.contacts/.DialtactsActivity }
08-16 15:36:54.950: I/(280): onPause
08-16 15:36:56.950: I/ActivityManager(59): Displayed activity com.android.contacts/.DialtactsActivity: 1981 ms (total 1981 ms)
08-16 15:36:57.020: W/IInputConnectionWrapper(280): showStatusIcon on inactive InputConnection
08-16 15:36:57.211: I/(280): onStop
08-16 15:37:10.069: W/KeyCharacterMap(159): No keyboard for id 0
08-16 15:37:10.069: W/KeyCharacterMap(159): Using default keymap: /system/usr/keychars/qwerty.kcm.bin
08-16 15:37:12.521: W/AudioFlinger(34): write blocked for 79 msecs, 1 delayed writes, thread 0xb3f0
08-16 15:37:17.230: I/ActivityManager(59): Starting activity: Intent { act=android.intent.action.CALL_PRIVILEGED dat=tel:900-810-36 flg=0x10000000 cmp=com.android.phone/.PrivilegedOutgoingCallBroadcaster }
08-16 15:37:17.510: I/(280): onStart
08-16 15:37:17.620: I/ActivityManager(59): Starting activity: Intent { act=android.intent.action.CALL dat=tel:900-810-36 flg=0x10000000 cmp=com.android.phone/.InCallScreen (has extras) }
08-16 15:37:17.690: I/(280): onStop
08-16 15:37:18.330: W/ResourceType(117): getEntry failing because entryIndex 65 is beyond type entryCount 1
08-16 15:37:18.690: I/AudioService(59):  AudioFocus  requestAudioFocus() from AudioFocus_For_Phone_Ring_And_Calls
08-16 15:37:19.650: I/ActivityManager(59): Displayed activity com.android.phone/.InCallScreen: 1974 ms (total 2184 ms)
08-16 15:37:19.690: I/ARMAssembler(59): generated scanline__00000177:03010104_00000001_00000000 [ 44 ipp] (66 ins) at [0x318760:0x318868] in 432279 ns
08-16 15:37:39.610: W/KeyCharacterMap(117): No keyboard for id 0
08-16 15:37:39.610: W/KeyCharacterMap(117): Using default keymap: /system/usr/keychars/qwerty.kcm.bin
08-16 15:37:39.730: I/ActivityManager(59): moveTaskToBack: 6
08-16 15:37:39.849: I/(280): onStart
08-16 15:37:39.849: I/(280): onResume
08-16 15:37:52.000: W/KeyCharacterMap(280): No keyboard for id 0
08-16 15:37:52.000: W/KeyCharacterMap(280): Using default keymap: /system/usr/keychars/qwerty.kcm.bin
08-16 15:37:52.130: I/ActivityManager(59): Starting activity: Intent { act=android.intent.action.CALL_BUTTON flg=0x10000000 cmp=com.android.contacts/.DialtactsActivity }
08-16 15:37:52.170: I/(280): onPause
08-16 15:37:52.380: W/InputManagerService(59): Ignoring hideSoftInput of: com.android.internal.view.IInputMethodClient$Stub$Proxy@4512abc0
08-16 15:37:52.430: I/ActivityManager(59): Starting activity: Intent { act=android.intent.action.MAIN flg=0x10840000 cmp=com.android.phone/.InCallScreen }
08-16 15:37:52.690: I/(280): onStop
08-16 15:37:53.030: W/IInputConnectionWrapper(280): showStatusIcon on inactive InputConnection
08-16 15:37:58.020: I/ActivityManager(59): moveTaskToBack: 6
08-16 15:37:58.300: I/(280): onStart
08-16 15:37:58.300: I/(280): onResume
08-16 15:38:11.510: I/ActivityManager(59): moveTaskToBack: 6
08-16 15:38:11.650: I/AudioService(59):  AudioFocus  abandonAudioFocus() from AudioFocus_For_Phone_Ring_And_Calls
08-16 15:38:18.060: I/(280): onPause
08-16 15:38:25.122: I/(280): onResume
08-16 15:38:34.959: W/InputManagerService(59): Window already focused, ignoring focus gain of: com.android.internal.view.IInputMethodClient$Stub$Proxy@44f74610
08-16 15:38:40.290: I/(280): onPause
08-16 15:38:54.740: I/(280): onResume
08-16 15:39:05.211: W/InputManagerService(59): Window already focused, ignoring focus gain of: com.android.internal.view.IInputMethodClient$Stub$Proxy@44ebf620
08-16 15:39:15.922: I/ActivityManager(59): Starting activity: Intent { cmp=com.ingeniousafrica.android.project.client/.activity.Main }
08-16 15:39:15.970: I/(280): onPause
08-16 15:39:16.040: I/(280): onCreate
08-16 15:39:16.040: I/(280): onStart
08-16 15:39:16.040: I/(280): onResume
08-16 15:39:16.421: I/ActivityManager(59): Displayed activity com.ingeniousafrica.android.project.client/.activity.Main: 446 ms (total 84254 ms)
08-16 15:39:16.440: I/(280): onStop
08-16 15:39:39.860: I/ActivityManager(59): Starting activity: Intent { cmp=com.ingeniousafrica.android.project.client/.activity.Main }
08-16 15:39:39.910: I/(280): onPause
08-16 15:39:39.970: I/(280): onCreate
08-16 15:39:39.970: I/(280): onStart
08-16 15:39:39.970: I/(280): onResume
08-16 15:39:40.350: I/ActivityManager(59): Displayed activity com.ingeniousafrica.android.project.client/.activity.Main: 433 ms (total 433 ms)
08-16 15:39:40.360: I/(280): onStop
08-16 15:39:56.529: I/(280): onPause
08-16 15:41:24.479: I/(280): onResume
08-16 15:41:29.389: W/InputManagerService(59): Window already focused, ignoring focus gain of: com.android.internal.view.IInputMethodClient$Stub$Proxy@45067518
08-16 15:42:12.822: I/(280): onPause
08-16 15:42:12.840: I/(280): onStart
08-16 15:42:12.840: I/(280): onResume
08-16 15:42:13.220: I/(280): onStop
08-16 15:42:13.220: I/(280): onDestroy
08-16 15:43:42.790: I/ActivityManager(59): Starting activity: Intent { cmp=com.ingeniousafrica.android.project.client/.activity.Main }
08-16 15:43:42.820: I/(280): onPause
08-16 15:43:42.890: I/(280): onCreate
08-16 15:43:42.890: I/(280): onStart
08-16 15:43:42.890: I/(280): onResume
08-16 15:43:43.212: I/ActivityManager(59): Displayed activity com.ingeniousafrica.android.project.client/.activity.Main: 381 ms (total 381 ms)
08-16 15:43:43.290: I/(280): onStop
08-16 15:43:53.269: I/ActivityManager(59): Starting activity: Intent { cmp=com.ingeniousafrica.android.project.client/.activity.Main }
08-16 15:43:53.299: I/(280): onPause
08-16 15:43:53.401: I/(280): onCreate
08-16 15:43:53.401: I/(280): onStart
08-16 15:43:53.401: I/(280): onResume
08-16 15:43:53.730: I/ActivityManager(59): Displayed activity com.ingeniousafrica.android.project.client/.activity.Main: 417 ms (total 417 ms)
08-16 15:43:53.810: I/(280): onStop
08-16 15:45:50.070: I/(280): onPause
08-16 15:45:50.080: I/(280): onStart
08-16 15:45:50.080: I/(280): onResume
08-16 15:45:50.393: I/(280): onStop
08-16 15:45:50.393: I/(280): onDestroy
08-16 15:56:40.030: I/PackageManager(59): Removing non-system package:com.ingeniousafrica.android.project.client
08-16 15:56:40.030: I/ActivityManager(59): Force stopping package com.ingeniousafrica.android.project.client uid=10042
08-16 15:56:40.039: I/Process(59): Sending signal. PID: 280 SIG: 9
08-16 15:56:40.049: I/ActivityManager(59):   Force finishing activity HistoryRecord{45024938 com.ingeniousafrica.android.project.client/.activity.Main}
08-16 15:56:40.049: I/ActivityManager(59):   Force finishing activity HistoryRecord{45072848 com.ingeniousafrica.android.project.client/.activity.Main}
08-16 15:56:40.049: I/ActivityManager(59):   Force finishing activity HistoryRecord{44f3c010 com.ingeniousafrica.android.project.client/.activity.Main}
08-16 15:56:40.089: I/WindowManager(59): WIN DEATH: Window{4502ca88 com.ingeniousafrica.android.project.client/com.ingeniousafrica.android.project.client.activity.Main paused=true}
08-16 15:56:40.089: I/WindowManager(59): WIN DEATH: Window{45000d40 com.ingeniousafrica.android.project.client/com.ingeniousafrica.android.project.client.activity.Main paused=true}
08-16 15:56:40.119: I/UsageStats(59): Unexpected resume of com.android.launcher while already resumed in com.ingeniousafrica.android.project.client
08-16 15:56:40.129: I/WindowManager(59): WIN DEATH: Window{4506d4d8 com.ingeniousafrica.android.project.client/com.ingeniousafrica.android.project.client.activity.Main paused=true}
08-16 15:56:40.129: I/WindowManager(59): WIN DEATH: Window{451166b8 com.ingeniousafrica.android.project.client/com.ingeniousafrica.android.project.client.activity.Main paused=false}
08-16 15:56:40.159: W/InputManagerService(59): Got RemoteException sending setActive(false) notification to pid 280 uid 10042
08-16 15:56:40.789: I/PackageManager(59): Package com.ingeniousafrica.android.project.client codePath changed from /data/app/com.ingeniousafrica.android.project.client-2.apk to /data/app/com.ingeniousafrica.android.project.client-1.apk; Retaining data and using new
08-16 15:56:40.799: I/PackageManager(59): /data/app/com.ingeniousafrica.android.project.client-1.apk changed; unpacking
08-16 15:56:40.999: W/PackageManager(59): Code path for pkg : com.ingeniousafrica.android.project.client changing from /data/app/com.ingeniousafrica.android.project.client-2.apk to /data/app/com.ingeniousafrica.android.project.client-1.apk
08-16 15:56:40.999: W/PackageManager(59): Resource path for pkg : com.ingeniousafrica.android.project.client changing from /data/app/com.ingeniousafrica.android.project.client-2.apk to /data/app/com.ingeniousafrica.android.project.client-1.apk
08-16 15:56:41.019: I/ActivityManager(59): Force stopping package com.ingeniousafrica.android.project.client uid=10042
08-16 15:56:41.139: I/installd(35): move /data/dalvik-cache/data@app@com.ingeniousafrica.android.project.client-1.apk@classes.dex -> /data/dalvik-cache/data@app@com.ingeniousafrica.android.project.client-1.apk@classes.dex
08-16 15:56:41.289: I/ActivityManager(59): Force stopping package com.ingeniousafrica.android.project.client uid=10042
08-16 15:56:41.680: I/installd(35): unlink /data/dalvik-cache/data@app@com.ingeniousafrica.android.project.client-2.apk@classes.dex
08-16 15:56:41.699: W/RecognitionManagerService(59): no available voice recognition services found
08-16 15:56:41.739: I/dalvikvm(315): JNI: AttachCurrentThread (from ???.???)
08-16 15:56:41.769: I/AndroidRuntime(315): NOTE: attach of thread 'Binder Thread #3' failed
08-16 15:56:43.009: I/ActivityManager(59): Starting activity: Intent { act=android.intent.action.MAIN cat=[android.intent.category.LAUNCHER] flg=0x10000000 cmp=com.ingeniousafrica.android.project.client/.activity.Main }
08-16 15:56:43.050: I/ActivityManager(59): Start proc com.ingeniousafrica.android.project.client for activity com.ingeniousafrica.android.project.client/.activity.Main: pid=334 uid=10042 gids={}
08-16 15:56:43.169: I/AndroidRuntime(328): NOTE: attach of thread 'Binder Thread #3' failed
08-16 15:56:43.889: I/(334): onCreate
08-16 15:56:43.889: I/(334): onStart
08-16 15:56:43.889: I/(334): onResume
08-16 15:56:44.180: I/ActivityManager(59): Displayed activity com.ingeniousafrica.android.project.client/.activity.Main: 1143 ms (total 1143 ms)
08-16 15:56:44.330: W/InputManagerService(59): Starting input on non-focused client com.android.internal.view.IInputMethodClient$Stub$Proxy@44ff1a48 (uid=10025 pid=119)
08-16 15:57:19.220: I/ActivityManager(59): Starting activity: Intent { cmp=com.ingeniousafrica.android.project.client/.activity.Main (has extras) }
08-16 15:57:19.250: I/(334): onPause
08-16 15:57:19.300: I/(334): onCreate
08-16 15:57:19.300: I/(334): onStart
08-16 15:57:19.300: I/(334): onResume
08-16 15:57:19.650: I/ActivityManager(59): Displayed activity com.ingeniousafrica.android.project.client/.activity.Main: 396 ms (total 396 ms)
08-16 15:57:19.660: I/(334): onStop
08-16 15:57:22.960: W/KeyCharacterMap(334): No keyboard for id 0
08-16 15:57:22.960: W/KeyCharacterMap(334): Using default keymap: /system/usr/keychars/qwerty.kcm.bin
